src/components/friggo/AccountSessionTracker.tsx(59,12): error TS2769: No overload matches this call.
  Overload 1 of 2, '(values: never, options?: { onConflict?: string; ignoreDuplicates?: boolean; count?: "exact" | "planned" | "estimated"; }): PostgrestFilterBuilder<{ PostgrestVersion: "12"; }, never, never, null, "account_sessions", never, "POST">', gave the following error.
    Argument of type '{ user_id: string; group_id: string; device_id: string; platform: string; is_connected: boolean; force_disconnected: boolean; last_seen_at: string; }' is not assignable to parameter of type 'never'.
  Overload 2 of 2, '(values: never[], options?: { onConflict?: string; ignoreDuplicates?: boolean; count?: "exact" | "planned" | "estimated"; defaultToNull?: boolean; }): PostgrestFilterBuilder<{ PostgrestVersion: "12"; }, never, ... 4 more ..., "POST">', gave the following error.
    Object literal may only specify known properties, and 'user_id' does not exist in type 'never[]'.
src/components/friggo/AccountSessionTracker.tsx(92,19): error TS2345: Argument of type '{ last_seen_at: string; is_connected: boolean; group_id: string; }' is not assignable to parameter of type 'never'.
src/components/friggo/AccountSessionTracker.tsx(118,17): error TS2345: Argument of type '{ is_connected: boolean; }' is not assignable to parameter of type 'never'.
src/components/friggo/AccountSessionTracker.tsx(122,10): error TS2339: Property 'catch' does not exist on type 'PromiseLike<void>'.
src/components/friggo/AvatarUpload.tsx(47,67): error TS2339: Property 'error' does not exist on type 'StorageError'.
src/components/friggo/ConsumableTracker.tsx(349,7): error TS2322: Type '"cleaning" | "hygiene" | "pantry"' is not assignable to type 'ConsumableCategory'.
  Type '"pantry"' is not assignable to type 'ConsumableCategory'.
src/components/friggo/ConsumableTracker.tsx(362,26): error TS2339: Property 'category' does not exist on type 'ConsumableItem'.
src/components/friggo/ConsumableTracker.tsx(371,22): error TS2339: Property 'category' does not exist on type 'ConsumableItem'.
src/components/friggo/ConsumableTracker.tsx(372,19): error TS2339: Property 'category' does not exist on type 'ConsumableItem'.
src/components/friggo/ConsumableTracker.tsx(385,19): error TS2345: Argument of type '{ name: string; icon: string; currentStock: number; unit: string; dailyConsumption: number; minStock: number; category: any; }' is not assignable to parameter of type 'Omit<ConsumableItem, "id">'.
  Property 'usageInterval' is missing in type '{ name: string; icon: string; currentStock: number; unit: string; dailyConsumption: number; minStock: number; category: any; }' but required in type 'Omit<ConsumableItem, "id">'.
src/components/friggo/ConsumableTracker.tsx(951,26): error TS2345: Argument of type 'Omit<ConsumableItem, "id">[]' is not assignable to parameter of type 'Omit<import("C:/Users/CAIO/Desktop/friggo/src/types/friggo").ConsumableItem, "id">[]'.
  Type 'Omit<ConsumableItem, "id">' is missing the following properties from type 'Omit<ConsumableItem, "id">': category, usageInterval
src/components/friggo/GarbageReminder.tsx(232,10): error TS2769: No overload matches this call.
  Overload 1 of 2, '(values: never, options?: { onConflict?: string; ignoreDuplicates?: boolean; count?: "exact" | "planned" | "estimated"; }): PostgrestFilterBuilder<{ PostgrestVersion: "12"; }, never, never, null, "garbage_reminders", never, "POST">', gave the following error.
    Argument of type '{ home_id: string; user_id: string; enabled: boolean; selected_days: number[]; reminder_time: string; timezone: string; garbage_location: "street" | "building"; building_floor: string; }' is not assignable to parameter of type 'never'.
  Overload 2 of 2, '(values: never[], options?: { onConflict?: string; ignoreDuplicates?: boolean; count?: "exact" | "planned" | "estimated"; defaultToNull?: boolean; }): PostgrestFilterBuilder<{ PostgrestVersion: "12"; }, never, ... 4 more ..., "POST">', gave the following error.
    Object literal may only specify known properties, and 'home_id' does not exist in type 'never[]'.
src/components/friggo/Onboarding.tsx(587,26): error TS2345: Argument of type '{ name: string; icon: string; category: ConsumableCategory; unit: string; currentStock: number; minStock: number; dailyConsumption: number; usageType: "daily" | "weekly"; }[]' is not assignable to parameter of type 'Omit<ConsumableItem, "id">[]'.
  Property 'usageInterval' is missing in type '{ name: string; icon: string; category: ConsumableCategory; unit: string; currentStock: number; minStock: number; dailyConsumption: number; usageType: "daily" | "weekly"; }' but required in type 'Omit<ConsumableItem, "id">'.
src/components/friggo/Onboarding.tsx(600,11): error TS2345: Argument of type '{ plan_tier: "individualPRO" | "multiPRO"; plan_label: string; is_active: boolean; trial_started_at: string; trial_ends_at: string; plan: string; }' is not assignable to parameter of type 'never'.
src/components/friggo/Onboarding.tsx(610,42): error TS2345: Argument of type '{ trial_start_date: string; }' is not assignable to parameter of type 'never'.
src/components/friggo/PWAInstallGuide.tsx(74,15): error TS2322: Type '{ delay: number; type: string; stiffness: number; damping: number; }' is not assignable to type 'Transition<any>'.
  Type '{ delay: number; type: string; stiffness: number; damping: number; }' is not assignable to type 'TransitionWithValueOverrides<any>'.
    Type '{ delay: number; type: string; stiffness: number; damping: number; }' is not assignable to type 'ValueAnimationTransition<any>'.
      Types of property 'type' are incompatible.
        Type 'string' is not assignable to type 'AnimationGeneratorType'.
src/components/friggo/PWAInstallGuide.tsx(91,15): error TS2322: Type '{ delay: number; type: string; stiffness: number; damping: number; }' is not assignable to type 'Transition<any>'.
  Type '{ delay: number; type: string; stiffness: number; damping: number; }' is not assignable to type 'TransitionWithValueOverrides<any>'.
    Type '{ delay: number; type: string; stiffness: number; damping: number; }' is not assignable to type 'ValueAnimationTransition<any>'.
      Types of property 'type' are incompatible.
        Type 'string' is not assignable to type 'AnimationGeneratorType'.
src/components/friggo/PWAInstallGuide.tsx(108,15): error TS2322: Type '{ delay: number; type: string; stiffness: number; damping: number; }' is not assignable to type 'Transition<any>'.
  Type '{ delay: number; type: string; stiffness: number; damping: number; }' is not assignable to type 'TransitionWithValueOverrides<any>'.
    Type '{ delay: number; type: string; stiffness: number; damping: number; }' is not assignable to type 'ValueAnimationTransition<any>'.
      Types of property 'type' are incompatible.
        Type 'string' is not assignable to type 'AnimationGeneratorType'.
src/components/friggo/SubAccountOnboarding.tsx(107,75): error TS2345: Argument of type '{ p_token: string; }' is not assignable to parameter of type 'never'.
src/components/friggo/SubAccountOnboarding.tsx(110,36): error TS2339: Property 'length' does not exist on type 'never'.
src/components/friggo/SubAccountOnboarding.tsx(115,33): error TS2339: Property 'step_data' does not exist on type 'never'.
src/components/friggo/SubAccountOnboarding.tsx(122,37): error TS2339: Property 'current_step' does not exist on type 'never'.
src/components/friggo/SubAccountOnboarding.tsx(133,62): error TS2345: Argument of type '{ p_token: string; p_step_data: Record<string, unknown>; p_step: number; }' is not assignable to parameter of type 'never'.
src/components/friggo/SubAccountOnboarding.tsx(475,76): error TS2345: Argument of type '{ p_token: string; }' is not assignable to parameter of type 'never'.
src/components/friggo/SubAccountOnboarding.tsx(478,20): error TS18047: 'progressRows' is possibly 'null'.
src/components/friggo/SubAccountOnboarding.tsx(481,68): error TS2345: Argument of type '{ invite_token: string; }' is not assignable to parameter of type 'never'.
src/components/friggo/SubAccountOnboarding.tsx(488,6): error TS2769: No overload matches this call.
  Overload 1 of 2, '(values: never, options?: { onConflict?: string; ignoreDuplicates?: boolean; count?: "exact" | "planned" | "estimated"; }): PostgrestFilterBuilder<{ PostgrestVersion: "12"; }, never, never, null, "profiles", never, "POST">', gave the following error.
    Argument of type '{ user_id: string; name: any; cpf: null; onboarding_completed: boolean; }' is not assignable to parameter of type 'never'.
  Overload 2 of 2, '(values: never[], options?: { onConflict?: string; ignoreDuplicates?: boolean; count?: "exact" | "planned" | "estimated"; defaultToNull?: boolean; }): PostgrestFilterBuilder<{ PostgrestVersion: "12"; }, never, ... 4 more ..., "POST">', gave the following error.
    Object literal may only specify known properties, and 'user_id' does not exist in type 'never[]'.
src/components/friggo/SubAccountOnboarding.tsx(507,9): error TS18047: 'membership' is possibly 'null'.
src/components/friggo/SubAccountOnboarding.tsx(522,31): error TS2339: Property 'home_id' does not exist on type 'never'.
src/components/friggo/SubAccountOnboarding.tsx(536,17): error TS2769: No overload matches this call.
  Overload 1 of 2, '(values: never, options?: { onConflict?: string; ignoreDuplicates?: boolean; count?: "exact" | "planned" | "estimated"; }): PostgrestFilterBuilder<{ PostgrestVersion: "12"; }, never, never, null, "consumables", never, "POST">', gave the following error.
    Argument of type '{ home_id: any; name: string; icon: string; category: string; current_stock: number; unit: string; daily_consumption: number; min_stock: number; usage_interval: string; }[]' is not assignable to parameter of type 'never'.
  Overload 2 of 2, '(values: never[], options?: { onConflict?: string; ignoreDuplicates?: boolean; count?: "exact" | "planned" | "estimated"; defaultToNull?: boolean; }): PostgrestFilterBuilder<{ PostgrestVersion: "12"; }, never, ... 4 more ..., "POST">', gave the following error.
    Argument of type '{ home_id: any; name: string; icon: string; category: string; current_stock: number; unit: string; daily_consumption: number; min_stock: number; usage_interval: string; }[]' is not assignable to parameter of type 'never[]'.
      Type '{ home_id: any; name: string; icon: string; category: string; current_stock: number; unit: string; daily_consumption: number; min_stock: number; usage_interval: string; }' is not assignable to type 'never'.
src/components/friggo/tabs/SettingsTab.tsx(91,27): error TS2339: Property 'nightCheckupTime' does not exist on type 'OnboardingData'.
src/components/friggo/tabs/SettingsTab.tsx(343,28): error TS2339: Property 'nextBillingDate' does not exist on type 'Subscription'.
src/components/friggo/tabs/SettingsTab.tsx(346,40): error TS2339: Property 'nextBillingDate' does not exist on type 'Subscription'.
src/components/friggo/tabs/SettingsTab.tsx(580,40): error TS2353: Object literal may only specify known properties, and 'nightCheckupTime' does not exist in type 'Partial<OnboardingData>'.
src/components/friggo/tabs/ShoppingTab.tsx(259,67): error TS2769: No overload matches this call.
  Overload 1 of 2, '(values: never, options?: { count?: "exact" | "planned" | "estimated"; }): PostgrestFilterBuilder<{ PostgrestVersion: "12"; }, never, never, null, "saved_shopping_lists", never, "POST">', gave the following error.
    Argument of type '{ home_id: string; user_id: string; name: string; items: { name: string; quantity: number; unit: string; store: "other" | "market" | "fair" | "pharmacy"; }[]; }' is not assignable to parameter of type 'never'.
  Overload 2 of 2, '(values: never[], options?: { count?: "exact" | "planned" | "estimated"; defaultToNull?: boolean; }): PostgrestFilterBuilder<{ PostgrestVersion: "12"; }, never, never, null, "saved_shopping_lists", never, "POST">', gave the following error.
    Object literal may only specify known properties, and 'home_id' does not exist in type 'never[]'.
src/components/PageTransition.tsx(64,7): error TS2322: Type '{ initial: (direction: string) => { x: number; opacity: number; y?: undefined; scale?: undefined; } | { y: number; opacity: number; x?: undefined; scale?: undefined; } | { opacity: number; scale: number; x?: undefined; y?: undefined; }; animate: { ...; }; exit: (direction: string) => { ...; } | ... 1 more ... | { .....' is not assignable to type 'Variants'.
  Property 'exit' is incompatible with index signature.
    Type '(direction: string) => { x: number; opacity: number; transition: { duration: number; ease: number[]; }; y?: undefined; scale?: undefined; } | { y: number; opacity: number; transition: { duration: number; ease: number[]; }; x?: undefined; scale?: undefined; } | { ...; }' is not assignable to type 'Variant'.
      Type '(direction: string) => { x: number; opacity: number; transition: { duration: number; ease: number[]; }; y?: undefined; scale?: undefined; } | { y: number; opacity: number; transition: { duration: number; ease: number[]; }; x?: undefined; scale?: undefined; } | { ...; }' is not assignable to type 'TargetResolver'.
        Type '{ x: number; opacity: number; transition: { duration: number; ease: number[]; }; y?: undefined; scale?: undefined; } | { y: number; opacity: number; transition: { duration: number; ease: number[]; }; x?: undefined; scale?: undefined; } | { ...; }' is not assignable to type 'string | TargetAndTransition'.
          Type '{ x: number; opacity: number; transition: { duration: number; ease: number[]; }; y?: undefined; scale?: undefined; }' is not assignable to type 'string | TargetAndTransition'.
            Type '{ x: number; opacity: number; transition: { duration: number; ease: number[]; }; y?: undefined; scale?: undefined; }' is not assignable to type 'TargetAndTransition'.
              Type '{ x: number; opacity: number; transition: { duration: number; ease: number[]; }; y?: undefined; scale?: undefined; }' is not assignable to type '{ transition?: Transition<any>; transitionEnd?: ResolvedValues$1; }'.
                Types of property 'transition' are incompatible.
                  Type '{ duration: number; ease: number[]; }' is not assignable to type 'Transition<any>'.
                    Type '{ duration: number; ease: number[]; }' is not assignable to type 'TransitionWithValueOverrides<any>'.
                      Type '{ duration: number; ease: number[]; }' is not assignable to type 'ValueAnimationTransition<any>'.
                        Types of property 'ease' are incompatible.
                          Type 'number[]' is not assignable to type 'Easing | Easing[]'.
                            Type 'number[]' is not assignable to type 'EasingFunction | Easing[]'.
                              Type 'number[]' is not assignable to type 'Easing[]'.
                                Type 'number' is not assignable to type 'Easing'.
src/components/StripeCheckout.tsx(71,65): error TS2322: Type '"family"' is not assignable to type 'SubscriptionPlan'.
src/components/StripeCheckout.tsx(145,7): error TS2304: Cannot find name 'setClientSecret'.
src/contexts/FriggoContext.tsx(202,101): error TS18047: 'membership' is possibly 'null'.
src/contexts/FriggoContext.tsx(205,19): error TS18047: 'membership' is possibly 'null'.
src/contexts/FriggoContext.tsx(457,7): error TS2353: Object literal may only specify known properties, and 'user_id' does not exist in type 'KazaItem'.
src/contexts/FriggoContext.tsx(501,10): error TS2769: No overload matches this call.
  Overload 1 of 2, '(values: never, options?: { count?: "exact" | "planned" | "estimated"; }): PostgrestFilterBuilder<{ PostgrestVersion: "12"; }, never, never, null, "items", never, "POST">', gave the following error.
    Argument of type '{ home_id: string; user_id: string; added_by_user_id: string; name: string; category: ItemCategory; location: ItemLocation; quantity: number; unit: string; expiry_date: string; opened_date: string; min_stock: number; maturation: MaturationLevel; }' is not assignable to parameter of type 'never'.
  Overload 2 of 2, '(values: never[], options?: { count?: "exact" | "planned" | "estimated"; defaultToNull?: boolean; }): PostgrestFilterBuilder<{ PostgrestVersion: "12"; }, never, never, null, "items", never, "POST">', gave the following error.
    Object literal may only specify known properties, and 'home_id' does not exist in type 'never[]'.
src/contexts/FriggoContext.tsx(550,31): error TS2345: Argument of type 'any' is not assignable to parameter of type 'never'.
src/contexts/FriggoContext.tsx(586,10): error TS2769: No overload matches this call.
  Overload 1 of 2, '(values: never, options?: { count?: "exact" | "planned" | "estimated"; }): PostgrestFilterBuilder<{ PostgrestVersion: "12"; }, never, never, null, "shopping_items", never, "POST">', gave the following error.
    Argument of type '{ home_id: string; user_id: string; name: string; quantity: number; unit: string; category: ItemCategory; store: "other" | "market" | "fair" | "pharmacy"; checked: boolean; }' is not assignable to parameter of type 'never'.
  Overload 2 of 2, '(values: never[], options?: { count?: "exact" | "planned" | "estimated"; defaultToNull?: boolean; }): PostgrestFilterBuilder<{ PostgrestVersion: "12"; }, never, never, null, "shopping_items", never, "POST">', gave the following error.
    Object literal may only specify known properties, and 'home_id' does not exist in type 'never[]'.
src/contexts/FriggoContext.tsx(616,17): error TS2345: Argument of type '{ checked: boolean; checked_by_user_id: string; checked_at: string; }' is not assignable to parameter of type 'never'.
src/contexts/FriggoContext.tsx(668,40): error TS2345: Argument of type '{ quantity: number; }' is not assignable to parameter of type 'never'.
src/contexts/FriggoContext.tsx(706,10): error TS2769: No overload matches this call.
  Overload 1 of 2, '(values: never, options?: { count?: "exact" | "planned" | "estimated"; }): PostgrestFilterBuilder<{ PostgrestVersion: "12"; }, never, never, null, "consumables", never, "POST">', gave the following error.
    Argument of type '{ home_id: string; name: string; icon: string; category: ConsumableCategory; current_stock: number; unit: string; daily_consumption: number; min_stock: number; usage_interval: "daily" | ... 2 more ... | "monthly"; }' is not assignable to parameter of type 'never'.
  Overload 2 of 2, '(values: never[], options?: { count?: "exact" | "planned" | "estimated"; defaultToNull?: boolean; }): PostgrestFilterBuilder<{ PostgrestVersion: "12"; }, never, never, null, "consumables", never, "POST">', gave the following error.
    Object literal may only specify known properties, and 'home_id' does not exist in type 'never[]'.
src/contexts/FriggoContext.tsx(742,37): error TS2345: Argument of type 'any' is not assignable to parameter of type 'never'.
src/contexts/FriggoContext.tsx(788,17): error TS2769: No overload matches this call.
  Overload 1 of 2, '(values: never, options?: { onConflict?: string; ignoreDuplicates?: boolean; count?: "exact" | "planned" | "estimated"; }): PostgrestFilterBuilder<{ PostgrestVersion: "12"; }, never, never, null, "consumables", never, "POST">', gave the following error.
    Argument of type '{ home_id: string; name: string; icon: string; category: ConsumableCategory; current_stock: number; unit: string; daily_consumption: number; min_stock: number; usage_interval: "daily" | ... 2 more ... | "monthly"; }[]' is not assignable to parameter of type 'never'.
  Overload 2 of 2, '(values: never[], options?: { onConflict?: string; ignoreDuplicates?: boolean; count?: "exact" | "planned" | "estimated"; defaultToNull?: boolean; }): PostgrestFilterBuilder<{ PostgrestVersion: "12"; }, never, ... 4 more ..., "POST">', gave the following error.
    Argument of type '{ home_id: string; name: string; icon: string; category: ConsumableCategory; current_stock: number; unit: string; daily_consumption: number; min_stock: number; usage_interval: "daily" | ... 2 more ... | "monthly"; }[]' is not assignable to parameter of type 'never[]'.
      Type '{ home_id: string; name: string; icon: string; category: ConsumableCategory; current_stock: number; unit: string; daily_consumption: number; min_stock: number; usage_interval: "daily" | ... 2 more ... | "monthly"; }' is not assignable to type 'never'.
src/contexts/FriggoContext.tsx(812,12): error TS2769: No overload matches this call.
  Overload 1 of 2, '(values: never, options?: { count?: "exact" | "planned" | "estimated"; }): PostgrestFilterBuilder<{ PostgrestVersion: "12"; }, never, never, null, "user_recipe_favorites", never, "POST">', gave the following error.
    Argument of type '{ user_id: string; recipe_id: string; }' is not assignable to parameter of type 'never'.
  Overload 2 of 2, '(values: never[], options?: { count?: "exact" | "planned" | "estimated"; defaultToNull?: boolean; }): PostgrestFilterBuilder<{ PostgrestVersion: "12"; }, never, never, null, "user_recipe_favorites", never, "POST">', gave the following error.
    Object literal may only specify known properties, and 'user_id' does not exist in type 'never[]'.
src/contexts/FriggoContext.tsx(825,10): error TS2769: No overload matches this call.
  Overload 1 of 2, '(values: never, options?: { count?: "exact" | "planned" | "estimated"; }): PostgrestFilterBuilder<{ PostgrestVersion: "12"; }, never, never, null, "meal_plans", never, "POST">', gave the following error.
    Argument of type '{ home_id: string; recipe_id: string; recipe_name: string; planned_date: string; meal_type: "breakfast" | "lunch" | "dinner" | "snack"; planned_time: string; notify_members: boolean; created_by: string; }' is not assignable to parameter of type 'never'.
  Overload 2 of 2, '(values: never[], options?: { count?: "exact" | "planned" | "estimated"; defaultToNull?: boolean; }): PostgrestFilterBuilder<{ PostgrestVersion: "12"; }, never, never, null, "meal_plans", never, "POST">', gave the following error.
    Object literal may only specify known properties, and 'home_id' does not exist in type 'never[]'.
src/contexts/FriggoContext.tsx(839,20): error TS2339: Property 'id' does not exist on type 'never'.
src/contexts/FriggoContext.tsx(840,27): error TS2339: Property 'recipe_id' does not exist on type 'never'.
src/contexts/FriggoContext.tsx(841,29): error TS2339: Property 'recipe_name' does not exist on type 'never'.
src/contexts/FriggoContext.tsx(842,30): error TS2339: Property 'planned_date' does not exist on type 'never'.
src/contexts/FriggoContext.tsx(843,27): error TS2339: Property 'meal_type' does not exist on type 'never'.
src/contexts/FriggoContext.tsx(844,30): error TS2339: Property 'planned_time' does not exist on type 'never'.
src/contexts/FriggoContext.tsx(845,32): error TS2339: Property 'notify_members' does not exist on type 'never'.
src/contexts/FriggoContext.tsx(846,28): error TS2339: Property 'created_by' does not exist on type 'never'.
src/contexts/FriggoContext.tsx(853,19): error TS2554: Expected 2-5 arguments, but got 1.
src/contexts/FriggoContext.tsx(960,39): error TS2345: Argument of type '{ home_type: "apartment" | "house"; residents: number; }' is not assignable to parameter of type 'never'.
src/contexts/FriggoContext.tsx(964,47): error TS2345: Argument of type '{ fridge_type: "regular" | "smart"; fridge_brand: string; cooling_level: number; habits: string[]; hidden_sections: string[]; }' is not assignable to parameter of type 'never'.
src/contexts/FriggoContext.tsx(1007,15): error TS2769: No overload matches this call.
  Overload 1 of 2, '(values: never, options?: { onConflict?: string; ignoreDuplicates?: boolean; count?: "exact" | "planned" | "estimated"; }): PostgrestFilterBuilder<{ PostgrestVersion: "12"; }, never, never, null, "notification_preferences", never, "POST">', gave the following error.
    Argument of type 'Record<string, unknown>' is not assignable to parameter of type 'never'.
  Overload 2 of 2, '(values: never[], options?: { onConflict?: string; ignoreDuplicates?: boolean; count?: "exact" | "planned" | "estimated"; defaultToNull?: boolean; }): PostgrestFilterBuilder<{ PostgrestVersion: "12"; }, never, ... 4 more ..., "POST">', gave the following error.
    Argument of type 'Record<string, unknown>' is not assignable to parameter of type 'never[]'.
      Type 'Record<string, unknown>' is missing the following properties from type 'never[]': length, pop, push, concat, and 29 more.
src/contexts/FriggoContext.tsx(1016,19): error TS2345: Argument of type '{ onboarding_completed: boolean; }' is not assignable to parameter of type 'never'.
src/contexts/FriggoContext.tsx(1065,55): error TS2345: Argument of type 'PostgrestFilterBuilder<{ PostgrestVersion: "12"; }, never, never, null, "profiles", never, "PATCH">' is not assignable to parameter of type 'Promise<any>'.
  Type 'PostgrestFilterBuilder<{ PostgrestVersion: "12"; }, never, never, null, "profiles", never, "PATCH">' is missing the following properties from type 'Promise<any>': catch, finally, [Symbol.toStringTag]
src/contexts/FriggoContext.tsx(1065,88): error TS2345: Argument of type 'any' is not assignable to parameter of type 'never'.
src/contexts/FriggoContext.tsx(1066,52): error TS2345: Argument of type 'PostgrestFilterBuilder<{ PostgrestVersion: "12"; }, never, never, null, "homes", never, "PATCH">' is not assignable to parameter of type 'Promise<any>'.
  Type 'PostgrestFilterBuilder<{ PostgrestVersion: "12"; }, never, never, null, "homes", never, "PATCH">' is missing the following properties from type 'Promise<any>': catch, finally, [Symbol.toStringTag]
src/contexts/FriggoContext.tsx(1066,82): error TS2345: Argument of type 'any' is not assignable to parameter of type 'never'.
src/contexts/FriggoContext.tsx(1067,56): error TS2345: Argument of type 'PostgrestFilterBuilder<{ PostgrestVersion: "12"; }, never, never, null, "home_settings", never, "PATCH">' is not assignable to parameter of type 'Promise<any>'.
  Type 'PostgrestFilterBuilder<{ PostgrestVersion: "12"; }, never, never, null, "home_settings", never, "PATCH">' is missing the following properties from type 'Promise<any>': catch, finally, [Symbol.toStringTag]
src/contexts/FriggoContext.tsx(1067,94): error TS2345: Argument of type 'any' is not assignable to parameter of type 'never'.
src/contexts/FriggoContext.tsx(1097,42): error TS2769: No overload matches this call.
  Overload 1 of 2, '(values: never, options?: { count?: "exact" | "planned" | "estimated"; }): PostgrestFilterBuilder<{ PostgrestVersion: "12"; }, never, never, null, "item_history", never, "POST">', gave the following error.
    Argument of type '{ home_id: string; item_id: string; item_name: string; action: "cooked" | "added" | "consumed" | "discarded"; quantity: number; unit: string; user_id: string; user_name: string; }' is not assignable to parameter of type 'never'.
  Overload 2 of 2, '(values: never[], options?: { count?: "exact" | "planned" | "estimated"; defaultToNull?: boolean; }): PostgrestFilterBuilder<{ PostgrestVersion: "12"; }, never, never, null, "item_history", never, "POST">', gave the following error.
    Object literal may only specify known properties, and 'home_id' does not exist in type 'never[]'.
src/contexts/LanguageContext.tsx(319,8): error TS2339: Property 'catch' does not exist on type 'PromiseLike<void>'.
src/contexts/SubscriptionContext.tsx(274,32): error TS2339: Property 'last_recipe_reset' does not exist on type 'never'.
src/contexts/SubscriptionContext.tsx(278,21): error TS2345: Argument of type '{ recipes_used_today: number; last_recipe_reset: string; }' is not assignable to parameter of type 'never'.
src/contexts/SubscriptionContext.tsx(279,28): error TS2339: Property 'id' does not exist on type 'never'.
src/contexts/SubscriptionContext.tsx(281,16): error TS2339: Property 'recipes_used_today' does not exist on type 'never'.
src/contexts/SubscriptionContext.tsx(286,61): error TS2339: Property 'plan' does not exist on type 'never'.
src/contexts/SubscriptionContext.tsx(287,57): error TS2339: Property 'items_limit' does not exist on type 'never'.
src/contexts/SubscriptionContext.tsx(288,60): error TS2339: Property 'recipes_per_day' does not exist on type 'never'.
src/contexts/SubscriptionContext.tsx(289,64): error TS2339: Property 'shopping_list_limit' does not exist on type 'never'.
src/contexts/SubscriptionContext.tsx(297,20): error TS2339: Property 'plan' does not exist on type 'never'.
src/contexts/SubscriptionContext.tsx(297,47): error TS2339: Property 'is_active' does not exist on type 'never'.
src/contexts/SubscriptionContext.tsx(302,20): error TS2339: Property 'id' does not exist on type 'never'.
src/contexts/SubscriptionContext.tsx(303,24): error TS2339: Property 'user_id' does not exist on type 'never'.
src/contexts/SubscriptionContext.tsx(307,23): error TS2339: Property 'price' does not exist on type 'never'.
src/contexts/SubscriptionContext.tsx(311,40): error TS2339: Property 'notification_change_days' does not exist on type 'never'.
src/contexts/SubscriptionContext.tsx(312,40): error TS2339: Property 'last_notification_change' does not exist on type 'never'.
src/contexts/SubscriptionContext.tsx(313,29): error TS2339: Property 'last_notification_change' does not exist on type 'never'.
src/contexts/SubscriptionContext.tsx(315,34): error TS2339: Property 'recipes_used_today' does not exist on type 'never'.
src/contexts/SubscriptionContext.tsx(316,42): error TS2339: Property 'last_recipe_reset' does not exist on type 'never'.
src/contexts/SubscriptionContext.tsx(317,36): error TS2339: Property 'started_at' does not exist on type 'never'.
src/contexts/SubscriptionContext.tsx(318,27): error TS2339: Property 'expires_at' does not exist on type 'never'.
src/contexts/SubscriptionContext.tsx(318,54): error TS2339: Property 'expires_at' does not exist on type 'never'.
src/contexts/SubscriptionContext.tsx(319,26): error TS2339: Property 'is_active' does not exist on type 'never'.
src/contexts/SubscriptionContext.tsx(320,33): error TS2339: Property 'payment_provider' does not exist on type 'never'.
src/contexts/SubscriptionContext.tsx(321,27): error TS2339: Property 'payment_id' does not exist on type 'never'.
src/contexts/SubscriptionContext.tsx(411,17): error TS2345: Argument of type '{ recipes_used_today: number; }' is not assignable to parameter of type 'never'.
src/contexts/SubscriptionContext.tsx(432,19): error TS2345: Argument of type '{ plan: SubscriptionPlan; plan_tier: PlanTierEnum; price: number; items_limit: number; recipes_per_day: number; shopping_list_limit: number; notification_change_days: number; started_at: string; is_active: boolean; }' is not assignable to parameter of type 'never'.
src/contexts/ThemeContext.tsx(66,8): error TS2339: Property 'catch' does not exist on type 'PromiseLike<void>'.
src/hooks/useAccountSession.tsx(74,10): error TS2769: No overload matches this call.
  Overload 1 of 2, '(values: never, options?: { onConflict?: string; ignoreDuplicates?: boolean; count?: "exact" | "planned" | "estimated"; }): PostgrestFilterBuilder<{ PostgrestVersion: "12"; }, never, never, null, "account_sessions", never, "POST">', gave the following error.
    Argument of type '{ user_id: string; group_id: string; device_id: string; platform: string; is_connected: boolean; force_disconnected: boolean; last_seen_at: string; }' is not assignable to parameter of type 'never'.
  Overload 2 of 2, '(values: never[], options?: { onConflict?: string; ignoreDuplicates?: boolean; count?: "exact" | "planned" | "estimated"; defaultToNull?: boolean; }): PostgrestFilterBuilder<{ PostgrestVersion: "12"; }, never, ... 4 more ..., "POST">', gave the following error.
    Object literal may only specify known properties, and 'user_id' does not exist in type 'never[]'.
src/hooks/useAccountSession.tsx(186,17): error TS2345: Argument of type '{ last_seen_at: string; is_connected: boolean; }' is not assignable to parameter of type 'never'.
src/hooks/useAccountSession.tsx(191,38): error TS18047: 'data' is possibly 'null'.
src/hooks/useAccountSession.tsx(204,19): error TS2345: Argument of type '{ is_connected: boolean; }' is not assignable to parameter of type 'never'.
src/hooks/useAccountSession.tsx(249,15): error TS2345: Argument of type '{ force_disconnected: boolean; is_connected: boolean; }' is not assignable to parameter of type 'never'.
src/hooks/useAccountSession.tsx(260,15): error TS2345: Argument of type '{ force_disconnected: boolean; }' is not assignable to parameter of type 'never'.
src/hooks/useAuth.tsx(65,47): error TS2769: No overload matches this call.
  Overload 1 of 2, '(values: never, options?: { onConflict?: string; ignoreDuplicates?: boolean; count?: "exact" | "planned" | "estimated"; }): PostgrestFilterBuilder<{ PostgrestVersion: "12"; }, never, never, null, "profiles", never, "POST">', gave the following error.
    Argument of type '{ user_id: string; name: any; onboarding_completed: boolean; }' is not assignable to parameter of type 'never'.
  Overload 2 of 2, '(values: never[], options?: { onConflict?: string; ignoreDuplicates?: boolean; count?: "exact" | "planned" | "estimated"; defaultToNull?: boolean; }): PostgrestFilterBuilder<{ PostgrestVersion: "12"; }, never, ... 4 more ..., "POST">', gave the following error.
    Object literal may only specify known properties, and 'user_id' does not exist in type 'never[]'.
src/hooks/useAuth.tsx(69,33): error TS2339: Property 'name' does not exist on type 'never'.
src/hooks/useAuth.tsx(72,25): error TS2345: Argument of type '{ name: any; }' is not assignable to parameter of type 'never'.
src/hooks/useGroupMembers.tsx(65,15): error TS2698: Spread types may only be created from object types.
src/hooks/useGroupMembers.tsx(66,41): error TS2339: Property 'user_id' does not exist on type 'never'.
src/hooks/useGroupMembers.tsx(260,19): error TS2345: Argument of type '{ is_active: boolean; }' is not assignable to parameter of type 'never'.
src/integrations/supabase/types.ts(85,7): error TS2411: Property 'account_sessions' of type '{ Row: AccountSession; Insert: Omit<AccountSession, "id" | "created_at" | "updated_at">; Update: Partial<Omit<AccountSession, "id" | ... 1 more ... | "updated_at">>; }' is not assignable to 'string' index type '{ Row: Record<string, unknown>; Insert: Record<string, unknown>; Update: Record<string, unknown>; }'.
src/integrations/supabase/types.ts(90,7): error TS2411: Property 'sub_account_invites' of type '{ Row: SubAccountInvite; Insert: Omit<SubAccountInvite, "id" | "created_at">; Update: Partial<Omit<SubAccountInvite, "id" | "created_at">>; }' is not assignable to 'string' index type '{ Row: Record<string, unknown>; Insert: Record<string, unknown>; Update: Record<string, unknown>; }'.
src/lib/garbageReminderNotifications.ts(184,46): error TS2769: No overload matches this call.
  Overload 1 of 2, '(values: never, options?: { onConflict?: string; ignoreDuplicates?: boolean; count?: "exact" | "planned" | "estimated"; }): PostgrestFilterBuilder<{ PostgrestVersion: "12"; }, never, never, null, "garbage_reminders", never, "POST">', gave the following error.
    Argument of type '{ home_id: string; user_id: string; enabled: boolean; selected_days: number[]; reminder_time: string; timezone: string; garbage_location: "street" | "building"; building_floor: string; }' is not assignable to parameter of type 'never'.
  Overload 2 of 2, '(values: never[], options?: { onConflict?: string; ignoreDuplicates?: boolean; count?: "exact" | "planned" | "estimated"; defaultToNull?: boolean; }): PostgrestFilterBuilder<{ PostgrestVersion: "12"; }, never, ... 4 more ..., "POST">', gave the following error.
    Object literal may only specify known properties, and 'home_id' does not exist in type 'never[]'.
src/lib/pushNotifications.ts(58,12): error TS2552: Cannot find name 'NotificationAction'. Did you mean 'NotificationOptions'?
src/lib/pushNotifications.ts(159,47): error TS2769: No overload matches this call.
  Overload 1 of 2, '(values: never, options?: { onConflict?: string; ignoreDuplicates?: boolean; count?: "exact" | "planned" | "estimated"; }): PostgrestFilterBuilder<{ PostgrestVersion: "12"; }, never, never, null, "push_subscriptions", never, "POST">', gave the following error.
    Argument of type '{ user_id: string; endpoint: string; p256dh: any; auth: any; user_agent: string; platform: string; is_active: boolean; last_seen_at: string; }' is not assignable to parameter of type 'never'.
  Overload 2 of 2, '(values: never[], options?: { onConflict?: string; ignoreDuplicates?: boolean; count?: "exact" | "planned" | "estimated"; defaultToNull?: boolean; }): PostgrestFilterBuilder<{ PostgrestVersion: "12"; }, never, ... 4 more ..., "POST">', gave the following error.
    Object literal may only specify known properties, and 'user_id' does not exist in type 'never[]'.
src/lib/pushNotifications.ts(515,14): error TS2304: Cannot find name 'FRIGGO_SOUND'.
src/lib/pushNotifications.ts(525,14): error TS2304: Cannot find name 'FRIGGO_SOUND'.
src/main.tsx(16,28): error TS2307: Cannot find module 'virtual:pwa-register' or its corresponding type declarations.
src/pages/Auth.tsx(179,43): error TS2769: No overload matches this call.
  Overload 1 of 2, '(values: never, options?: { onConflict?: string; ignoreDuplicates?: boolean; count?: "exact" | "planned" | "estimated"; }): PostgrestFilterBuilder<{ PostgrestVersion: "12"; }, never, never, null, "profiles", never, "POST">', gave the following error.
    Argument of type '{ user_id: string; name: string; onboarding_completed: boolean; }' is not assignable to parameter of type 'never'.
  Overload 2 of 2, '(values: never[], options?: { onConflict?: string; ignoreDuplicates?: boolean; count?: "exact" | "planned" | "estimated"; defaultToNull?: boolean; }): PostgrestFilterBuilder<{ PostgrestVersion: "12"; }, never, ... 4 more ..., "POST">', gave the following error.
    Object literal may only specify known properties, and 'user_id' does not exist in type 'never[]'.
src/pages/CheckoutSuccessPage.tsx(98,25): error TS18047: 'subscription' is possibly 'null'.
src/pages/CheckoutSuccessPage.tsx(101,50): error TS2339: Property 'sub_account_groups' does not exist on type 'never'.
src/pages/ConsumableTrackerPage.tsx(34,120): error TS2353: Object literal may only specify known properties, and 'hidden' does not exist in type 'ConsumableItem'.
src/pages/ConsumableTrackerPage.tsx(35,118): error TS2353: Object literal may only specify known properties, and 'hidden' does not exist in type 'ConsumableItem'.
src/pages/ConsumableTrackerPage.tsx(36,119): error TS2353: Object literal may only specify known properties, and 'hidden' does not exist in type 'ConsumableItem'.
src/pages/ConsumableTrackerPage.tsx(37,118): error TS2353: Object literal may only specify known properties, and 'hidden' does not exist in type 'ConsumableItem'.
src/pages/ConsumableTrackerPage.tsx(38,121): error TS2353: Object literal may only specify known properties, and 'hidden' does not exist in type 'ConsumableItem'.
src/pages/ConsumableTrackerPage.tsx(301,50): error TS2339: Property 'hidden' does not exist on type 'ConsumableItem'.
src/pages/ConsumableTrackerPage.tsx(568,55): error TS2339: Property 'hidden' does not exist on type 'ConsumableItem'.
src/pages/ConsumableTrackerPage.tsx(569,79): error TS2339: Property 'hidden' does not exist on type 'ConsumableItem'.
src/pages/ConsumableTrackerPage.tsx(618,50): error TS2339: Property 'hidden' does not exist on type 'ConsumableItem'.
src/pages/ConsumableTrackerPage.tsx(647,38): error TS2339: Property 'hidden' does not exist on type 'ConsumableItem'.
src/pages/ConsumableTrackerPage.tsx(648,66): error TS2339: Property 'hidden' does not exist on type 'ConsumableItem'.
src/pages/ConsumableTrackerPage.tsx(649,67): error TS2339: Property 'hidden' does not exist on type 'ConsumableItem'.
src/pages/ConsumableTrackerPage.tsx(650,62): error TS2339: Property 'hidden' does not exist on type 'ConsumableItem'.
src/pages/ConsumableTrackerPage.tsx(724,55): error TS2339: Property 'hidden' does not exist on type 'ConsumableItem'.
src/pages/ConsumableTrackerPage.tsx(726,75): error TS2339: Property 'hidden' does not exist on type 'ConsumableItem'.
src/pages/InvitePage.tsx(42,90): error TS2345: Argument of type '{ invite_token: string; }' is not assignable to parameter of type 'never'.
src/pages/InvitePage.tsx(47,33): error TS2339: Property 'length' does not exist on type 'never'.
src/pages/InvitePage.tsx(53,33): error TS2339: Property 'invited_email' does not exist on type 'never'.
src/pages/InvitePage.tsx(54,31): error TS2339: Property 'master_name' does not exist on type 'never'.
src/pages/InvitePage.tsx(55,28): error TS2339: Property 'group_id' does not exist on type 'never'.
src/pages/InvitePage.tsx(56,29): error TS2339: Property 'plan_tier' does not exist on type 'never'.
src/pages/InvitePage.tsx(57,28): error TS2339: Property 'in_trial' does not exist on type 'never'.
src/pages/MealPlannerPage.tsx(187,27): error TS2339: Property 'image' does not exist on type 'Recipe'.
src/pages/MealPlannerPage.tsx(188,38): error TS2339: Property 'image' does not exist on type 'Recipe'.
src/pages/ProfilePage.tsx(117,27): error TS2339: Property 'invalidCpf' does not exist on type '{ title: string; name: string; residents: string; homeType: string; house: string; apartment: string; fridgeType: string; regular: string; smart: string; fridgeBrand: string; save: string; uploading: string; ... 5 more ...; invalidCpf: string; } | { ...; } | { ...; }'.
  Property 'invalidCpf' does not exist on type '{ title: string; name: string; residents: string; homeType: string; house: string; apartment: string; fridgeType: string; regular: string; smart: string; fridgeBrand: string; save: string; uploading: string; saving: string; success: string; error: string; }'.
src/pages/ProfilePage.tsx(176,84): error TS2339: Property 'cpf' does not exist on type '{ title: string; name: string; residents: string; homeType: string; house: string; apartment: string; fridgeType: string; regular: string; smart: string; fridgeBrand: string; save: string; uploading: string; ... 5 more ...; invalidCpf: string; } | { ...; } | { ...; }'.
  Property 'cpf' does not exist on type '{ title: string; name: string; residents: string; homeType: string; house: string; apartment: string; fridgeType: string; regular: string; smart: string; fridgeBrand: string; save: string; uploading: string; saving: string; success: string; error: string; }'.
src/pages/ProfilePage.tsx(185,44): error TS2339: Property 'cpfPlaceholder' does not exist on type '{ title: string; name: string; residents: string; homeType: string; house: string; apartment: string; fridgeType: string; regular: string; smart: string; fridgeBrand: string; save: string; uploading: string; ... 5 more ...; invalidCpf: string; } | { ...; } | { ...; }'.
  Property 'cpfPlaceholder' does not exist on type '{ title: string; name: string; residents: string; homeType: string; house: string; apartment: string; fridgeType: string; regular: string; smart: string; fridgeBrand: string; save: string; uploading: string; saving: string; success: string; error: string; }'.
src/types/friggo.ts(89,3): error TS2300: Duplicate identifier 'cpf'.
src/types/friggo.ts(99,3): error TS2300: Duplicate identifier 'cpf'.
